0 verbose cli /Users/nnenaokrs/.nvm/versions/node/v22.19.0/bin/node /Users/nnenaokrs/.nvm/versions/node/v22.19.0/lib/node_modules/npm/bin/npm-cli.js
1 info using npm@10.9.3
2 info using node@v22.19.0
3 silly config load:file:/Users/nnenaokrs/.nvm/versions/node/v22.19.0/lib/node_modules/npm/npmrc
4 silly config load:file:/Users/nnenaokrs/Docs/FREE/NOD CONSULTING/CLIENTS/IDALA/SITE IDALA/.npmrc
5 silly config load:file:/Users/nnenaokrs/Docs/FREE/NOD CONSULTING/CLIENTS/IDALA/SITE IDALA/.supabase-cli/.npmrc
6 silly config load:file:/Users/nnenaokrs/.nvm/versions/node/v22.19.0/etc/npmrc
7 verbose title npm exec supabase functions deploy send-onboarding
8 verbose argv "exec" "--" "supabase" "functions" "deploy" "send-onboarding"
9 verbose logfile logs-max:10 dir:/Users/nnenaokrs/Docs/FREE/NOD CONSULTING/CLIENTS/IDALA/SITE IDALA/.supabase-cli/.npm/_logs/2026-06-01T09_27_10_840Z-
10 verbose logfile /Users/nnenaokrs/Docs/FREE/NOD CONSULTING/CLIENTS/IDALA/SITE IDALA/.supabase-cli/.npm/_logs/2026-06-01T09_27_10_840Z-debug-0.log
11 silly logfile done cleaning log files
12 http fetch GET 200 https://registry.npmjs.org/npm 222ms
13 verbose cwd /Users/nnenaokrs/Docs/FREE/NOD CONSULTING/CLIENTS/IDALA/SITE IDALA
14 verbose os Darwin 23.3.0
15 verbose node v22.19.0
16 verbose npm  v10.9.3
17 notice
17 notice New [31mmajor[39m version of npm available! [31m10.9.3[39m -> [34m11.16.0[39m
17 notice Changelog: [34mhttps://github.com/npm/cli/releases/tag/v11.16.0[39m
17 notice To update run: [4mnpm install -g npm@11.16.0[24m
17 notice  { force: true, [Symbol(proc-log.meta)]: true }
18 verbose exit 1
19 verbose code 1
